// Jest Snapshot v1, https://goo.gl/fbAQLP

exports[`CreateUserForm should match the snapshot 1`] = `
<form
  className="create-user-form"
>
  <input
    className="formInput"
    name="name"
    onChange={[Function]}
    placeholder="Please enter your awesome name"
    type="text"
    value=""
  />
  <input
    className="formInput"
    name="email"
    onChange={[Function]}
    placeholder="Please enter email address"
    type="text"
    value=""
  />
  <input
    className="formInput"
    name="password"
    onChange={[Function]}
    placeholder="Please enter password"
    type="text"
    value=""
  />
  <button
    className="create-user-button"
    onClick={[Function]}
  >
    SUBMIT
  </button>
</form>
`;
