// Jest Snapshot v1, https://goo.gl/fbAQLP

exports[`FavoritesContainer should match the snapshot 1`] = `
<section
  className="FavoritesContainer"
>
  <Album
    albumData={Object {}}
    isFav={true}
  />
</section>
`;
