// Jest Snapshot v1, https://goo.gl/fbAQLP

exports[`App should match the snapshot 1`] = `
<div>
  <Nav
    handleLogout={[Function]}
  />
  <Route
    exact={true}
    path="/"
    render={[Function]}
  />
  <Route
    exact={true}
    path="/login"
    render={[Function]}
  />
  <Route
    exact={true}
    path="/create-user"
    render={[Function]}
  />
  <Route
    exact={true}
    path="/favorites"
    render={[Function]}
  />
</div>
`;
